src/components/BillTable.tsx(1045,77): error TS2322: Type '{ children: Element; asChild: true; }' is not assignable to type 'IntrinsicAttributes & Props<unknown>'.
  Property 'asChild' does not exist on type 'IntrinsicAttributes & Props<unknown>'.
src/components/BillTable.tsx(1223,193): error TS2339: Property 'participants' does not exist on type '{ beta: string; login: string; logout: string; dashboard: string; backToHome: string; betaWarning: string; copyright: string; terms: string; supportOnKofi: string; save: string; saving: string; saved: string; ... 14 more ...; invoice: string; }'.
